// Vitest Snapshot v1, https://vitest.dev/guide/snapshot.html

exports[`visual regression — empty-state placeholders > renders the Calendar placeholder consistently 1`] = `"<section class="mx-auto flex max-w-3xl flex-col gap-4 px-4 py-10 sm:px-6 sm:py-14"><div class="space-y-2"><p class="text-xs font-semibold uppercase tracking-[0.18em] text-emerald-300">Calendar</p><h2 class="text-2xl font-semibold text-white sm:text-3xl">Calendar</h2><p class="max-w-xl text-sm text-slate-300 sm:text-base">Browse and manage upcoming bookings across the week or month.</p></div><div class="rounded-lg border border-dashed border-slate-800 bg-slate-900/40 px-5 py-8 text-center"><p class="text-sm text-slate-400">No scheduled bookings yet. Confirmed appointments will populate the calendar.</p></div></section>"`;

exports[`visual regression — empty-state placeholders > renders the Today placeholder with the expected DOM and class shape 1`] = `"<section class="mx-auto flex max-w-3xl flex-col gap-4 px-4 py-10 sm:px-6 sm:py-14"><div class="space-y-2"><p class="text-xs font-semibold uppercase tracking-[0.18em] text-emerald-300">Today</p><h2 class="text-2xl font-semibold text-white sm:text-3xl">Today</h2><p class="max-w-xl text-sm text-slate-300 sm:text-base">Your day&#x27;s appointments, reminders, and quick actions will show up here.</p></div><div class="rounded-lg border border-dashed border-slate-800 bg-slate-900/40 px-5 py-8 text-center"><p class="text-sm text-slate-400">No appointments yet. Bookings will appear in this view.</p></div></section>"`;
